../Core/Src/Flash.c:70:6:SaveOdoDataInFlash	16	static
../Core/Src/Flash.c:165:6:TripHourAndTftBrightNessSave	8	static
../Core/Src/Flash.c:180:6:SaveFractionDigit	16	static
../Core/Src/Flash.c:220:13:TftBrightNessDataSave	16	static
../Core/Src/Flash.c:255:13:ClearOdoTripA_B_AndSave	8	static
../Core/Src/Flash.c:297:13:ClearHourTripA_B_AndSave	16	static
../Core/Src/Flash.c:375:10:GetLastSavedHourValueForTripA	4	static
../Core/Src/Flash.c:380:10:GetLastSavedHourValueForTripB	4	static
../Core/Src/Flash.c:385:6:SetLastSavedHourValueForTripA	16	static
../Core/Src/Flash.c:390:6:SetLastSavedHourValueForTripB	16	static
../Core/Src/Flash.c:397:6:ReadBootIdentifireParameter	16	static
../Core/Src/Flash.c:425:6:SaveBootIdentifireParameter	16	static
../Core/Src/Flash.c:443:9:u8GetBootloaderState	4	static
../Core/Src/Flash.c:448:6:vSaveBootloaderState	16	static
../Core/Src/Flash.c:455:6:SetEolSpeedoPulsesInFlash	16	static
../Core/Src/Flash.c:460:6:SetEolVeicleOptionContentValueInFlash	16	static
../Core/Src/Flash.c:465:10:GetEolSpeedoPulsesInFlash	4	static
../Core/Src/Flash.c:470:10:GetEolVeicleOptionContentValueInFlash	4	static
../Core/Src/Flash.c:480:6:SetNutralGearInputType	16	static
../Core/Src/Flash.c:485:9:GetNutralGearInputType	4	static
../Core/Src/Flash.c:490:6:SetParkingBrakeInputType	16	static
../Core/Src/Flash.c:495:9:GetParkingBrakeInputType	4	static
../Core/Src/Flash.c:500:6:SetBaudRateType	16	static
../Core/Src/Flash.c:505:9:GetBaudRateType	4	static
../Core/Src/Flash.c:510:6:SetEngineSelectionType	16	static
../Core/Src/Flash.c:515:9:GetEngineSelectionType	4	static
../Core/Src/Flash.c:520:6:GetEOl_ParemetersRead	24	static
../Core/Src/Flash.c:597:6:ReadOdoDataAndFractionValue	24	static
../Core/Src/Flash.c:685:6:ReadTftBrightnessValue	16	static
../Core/Src/Flash.c:713:6:ReadHourDataSystemParameter	16	static
../Core/Src/Flash.c:762:6:AllparameterWriteToZero	32	static,ignoring_inline_asm
