../Core/Src/IICRoutine.c:27:6:WriteByteEEPROM	32	static
../Core/Src/IICRoutine.c:66:15:ReadByteEEPROM	24	static
../Core/Src/IICRoutine.c:130:6:write_int	24	static
../Core/Src/IICRoutine.c:150:14:read_int	24	static
../Core/Src/IICRoutine.c:176:6:write_long	24	static
../Core/Src/IICRoutine.c:204:15:read_long	24	static
../Core/Src/IICRoutine.c:230:6:WriteByteRTC	16	static
../Core/Src/IICRoutine.c:244:15:ReadByteRTC	24	static
../Core/Src/IICRoutine.c:264:6:PollAck	16	static
../Core/Src/IICRoutine.c:280:6:SendOneByteIIC	24	static
../Core/Src/IICRoutine.c:306:6:StartBit	8	static
../Core/Src/IICRoutine.c:320:6:StopBit	8	static
../Core/Src/IICRoutine.c:331:6:SlaveAck	16	static
../Core/Src/IICRoutine.c:354:6:SlaveNoAck	8	static
../Core/Src/IICRoutine.c:368:6:IICClockDelay	16	static
../Core/Src/IICRoutine.c:380:6:Set_SDA_As_Output	8	static
../Core/Src/IICRoutine.c:389:6:Set_SDA_As_Input	8	static
../Core/Src/IICRoutine.c:397:15:ReadOneByteIIC	16	static
