../Core/Src/J1939.c:383:6:vJ1939_ServiceManager	8	static
../Core/Src/J1939.c:409:6:vJ1939Init	24	static
../Core/Src/J1939.c:458:6:vJ1939TxInit	24	static
../Core/Src/J1939.c:485:13:_J1939_RxManager	64	static
../Core/Src/J1939.c:791:13:_J1939_TxManager	24	static
../Core/Src/J1939.c:835:7:vJ1939_TxMsgEnableDisable	16	static
../Core/Src/J1939.c:849:6:vJ1939_TxSendOnDemandEnable	16	static
../Core/Src/J1939.c:863:6:vJ1939_TxSendOnDemandDisable	16	static
../Core/Src/J1939.c:877:9:bProcessISORequest	24	static
../Core/Src/J1939.c:915:6:vPutPGNdata	32	static
../Core/Src/J1939.c:989:10:u32GetPGNdata	24	static
../Core/Src/J1939.c:1068:9:u8GetBitData	24	static
../Core/Src/J1939.c:1099:13:_vPGN65262_CoolentTempGauge	24	static
../Core/Src/J1939.c:1124:13:_vPGN65110_DefGauge	24	static
../Core/Src/J1939.c:1152:13:_vPGN64892_DPF_Lamp	24	static
../Core/Src/J1939.c:1193:13:_vPGN64775_MIL_DLCC1_Lamp	24	static
../Core/Src/J1939.c:1221:13:_vPGN65263_EngineOilPress	24	static
../Core/Src/J1939.c:1247:13:_vPGN65265_SpeedoMeterGauge	24	static
../Core/Src/J1939.c:1263:13:_vPGN64796_SootMass	24	static
../Core/Src/J1939.c:1289:13:_vPGN65272_TransmissionOilTemperatureVal	24	static
../Core/Src/J1939.c:1315:13:_vPGN65272_0x32_TransmissionOilTemperatureVal	24	static
../Core/Src/J1939.c:1341:13:_vPGN65383_SCR_TempRingLampTFT	24	static
../Core/Src/J1939.c:1369:13:_vPGN64946_DieselParticulateFilter	24	static
../Core/Src/J1939.c:1397:13:_vPGN64966_GlowtimeIndicationLamp_Mahindra	24	static
../Core/Src/J1939.c:1423:13:_vPGN65252_GlowtimeIndicationLamp	24	static
../Core/Src/J1939.c:1449:13:_vPGN65279_LowAdBlueLamp	24	static
../Core/Src/J1939.c:1476:13:_vPGN65253_HourMeterGaugeAskokEicher	24	static
../Core/Src/J1939.c:1502:13:_vPGN65255_HourMeterGaugeTataEngine	24	static
../Core/Src/J1939.c:1528:13:_vPGN64891_ShootLoad	24	static
../Core/Src/J1939.c:1554:13:_vPGN65271_BATT_Volt	24	static
../Core/Src/J1939.c:1580:13:_vPGN61444_TachoMeter	24	static
../Core/Src/J1939.c:1596:13:_vPGN60160_DM1_Data	24	static
../Core/Src/J1939.c:1633:13:_vPGN65226_Data	24	static
../Core/Src/J1939.c:1670:6:vResetDTCParameters	4	static
../Core/Src/J1939.c:1686:9:u8GetDTCStatus	4	static
../Core/Src/J1939.c:1700:9:u8GetDTCCount	4	static
../Core/Src/J1939.c:1714:9:u8GetDTCSA	4	static
../Core/Src/J1939.c:1728:9:u8GetDtcFramNum	4	static
../Core/Src/J1939.c:1742:10:u16GetDtcTotalBytes	4	static
../Core/Src/J1939.c:1756:13:_vResetDM1Reception	16	static
../Core/Src/J1939.c:1773:9:bGetPGNDataReady	16	static
../Core/Src/J1939.c:1787:6:ClearPGNDataReady	16	static
../Core/Src/J1939.c:1801:9:bGetSPNDataReady	16	static
../Core/Src/J1939.c:1815:6:vClearSPNDataReady	16	static
../Core/Src/J1939.c:1830:9:bGetPGNTimeOut	16	static
../Core/Src/J1939.c:1857:6:vJ1939OnFullRx	32	static
../Core/Src/J1939.c:1913:9:isAllowedCANID	24	static
../Core/Src/J1939.c:1934:6:vClearDTC	16	static
