../Drivers/CMSIS/Include/core_cm33.h:2711:34:__NVIC_SystemReset	1
../Core/Src/main.c:167:5:main	3
../Core/Src/main.c:277:6:SystemClock_Config	4
../Core/Src/main.c:338:13:MX_ADC1_Init	4
../Core/Src/main.c:410:13:MX_CRC_Init	2
../Core/Src/main.c:441:13:MX_FDCAN1_Init	2
../Core/Src/main.c:484:13:MX_ICACHE_Init	3
../Core/Src/main.c:516:13:MX_IWDG_Init	2
../Core/Src/main.c:546:13:MX_LTDC_Init	3
../Core/Src/main.c:608:13:MX_SPI1_Init	3
../Core/Src/main.c:665:13:MX_TIM1_Init	5
../Core/Src/main.c:737:13:MX_TIM4_Init	4
../Core/Src/main.c:785:13:MX_TIM6_Init	3
../Core/Src/main.c:823:13:MX_TIM7_Init	3
../Core/Src/main.c:861:13:MX_TIM15_Init	7
../Core/Src/main.c:937:13:MX_GPIO_Init	1
../Core/Src/main.c:1028:13:FD_CAN_Init	5
../Core/Src/main.c:1082:9:bCheckDepenDencies	1
../Core/Src/main.c:1087:6:_vProgDependenciesInit	2
../Core/Src/main.c:1115:9:bFlashEarseStatus	1
../Core/Src/main.c:1119:9:GetControllerMode	1
../Core/Src/main.c:1124:13:MY_Bootloader_Run	1
../Core/Src/main.c:1129:6:FDCAN_Configure	11
../Core/Src/main.c:1243:6:HAL_TIM_PeriodElapsedCallback	3
../Core/Src/main.c:1261:6:HAL_SPI_TxCpltCallback	1
../Core/Src/main.c:1266:6:HAL_FDCAN_RxFifo0Callback	3
../Core/Src/main.c:1278:6:HAL_FDCAN_RxFifo1Callback	3
../Core/Src/main.c:1294:7:HAL_FDCAN_ErrorStatusCallback	2
../Core/Src/main.c:1312:16:_isIgnitionwhile	4
../Core/Src/main.c:1346:9:_bCheckIgnitionOff	3
../Core/Src/main.c:1373:9:_bCheckIgnitionOn	3
../Core/Src/main.c:1400:13:_vClusterWakeUp	4
../Core/Src/main.c:1485:13:_vClusterSleep	2
../Core/Src/main.c:1526:13:_vRegulatorPowerControlling	3
../Core/Src/main.c:1539:13:EcuReset	1
../Core/Src/main.c:1548:6:PWMSetValueForTFTBrightness	1
../Core/Src/main.c:1557:6:SetExitFlagStatus	1
../Core/Src/main.c:1562:10:Get_exitFlagStatus	1
../Core/Src/main.c:1567:11:GetRx29BitsId	1
../Core/Src/main.c:1572:10:GetRxDLC	1
../Core/Src/main.c:1577:10:GetSelfCheckFlagCompleteStatus	1
../Core/Src/main.c:1583:10:bGetIgnWakeupStatus	1
../Core/Src/main.c:1598:10:bCheckSumStatus	1
../Core/Src/main.c:1613:7:vSetCanBaudRate	1
../Core/Src/main.c:1629:13:eGetCanBaudRate	1
../Core/Src/main.c:1643:11:u32GetClockTicks	1
../Core/Src/main.c:1649:7:SetAdcValueForDisplay	1
../Core/Src/main.c:1654:11:GetAdcValueForDisplay	1
../Core/Src/main.c:1666:11:u16GetClockTicks	1
../Core/Src/main.c:1679:7:SDA_PinChangeModeType	2
../Core/Src/main.c:1699:11:GetAdcConversionRank1_Ch16	2
../Core/Src/main.c:1727:11:GetAdcConversionRank2_Ch15	2
../Core/Src/main.c:1758:6:Error_Handler	1
