../Core/Src/MuxDemux.c:58:6:MuxDmuxProcessing	8	static
../Core/Src/MuxDemux.c:344:6:_vUpdateMuxPinStatus	4	static
../Core/Src/MuxDemux.c:384:6:_vInputsDebounce	24	static
../Core/Src/MuxDemux.c:429:6:vMuxLedPrevStateInit	16	static
../Core/Src/MuxDemux.c:453:9:GetLeft_Turn_InputStatus	4	static
../Core/Src/MuxDemux.c:465:9:GetBattCharging_InputStatus	4	static
../Core/Src/MuxDemux.c:478:9:Park_Light_InputStatus	4	static
../Core/Src/MuxDemux.c:490:9:Right_Turn_InputStatus	4	static
../Core/Src/MuxDemux.c:502:9:Head_Low_Lamp_InputStatus	4	static
../Core/Src/MuxDemux.c:514:9:GetLow_High4_InputStatus	4	static
../Core/Src/MuxDemux.c:526:9:GetLow_High5_InputStatus	4	static
../Core/Src/MuxDemux.c:538:9:GetLow_High6_InputStatus	4	static
../Core/Src/MuxDemux.c:550:9:GetLow_High7_InputStatus	4	static
../Core/Src/MuxDemux.c:562:9:GetLow_High2_InputStatus	4	static
../Core/Src/MuxDemux.c:575:9:Park_Brake_InputStatus	8	static
../Core/Src/MuxDemux.c:602:9:GetHydrolic_Oil_Filter_InputStatus	4	static
../Core/Src/MuxDemux.c:615:9:GetNeutral_InputStatus	8	static
../Core/Src/MuxDemux.c:641:9:Get2W_4W_InputStatus	4	static
../Core/Src/MuxDemux.c:653:9:GetAir_Filter_Choke_InputStatus	4	static
../Core/Src/MuxDemux.c:665:9:GetSpare_AL1_InputStatus	4	static
../Core/Src/MuxDemux.c:677:9:GetSpare_AH1_InputStatus	4	static
../Core/Src/MuxDemux.c:689:9:GetSpare_AH2_InputStatus	4	static
../Core/Src/MuxDemux.c:701:9:GetReverse_Gear_InputStatus	4	static
../Core/Src/MuxDemux.c:713:9:GetGlow__Plug_InputStatus	4	static
../Core/Src/MuxDemux.c:725:9:GetTurtle_Rabbit_InputStatus	4	static
../Core/Src/MuxDemux.c:737:9:GetHigh_Beam_InputStatus	4	static
../Core/Src/MuxDemux.c:750:13:ConfgurableLampInputInit	8	static
