../Core/Src/Odo.c:37:6:HAL_TIM_IC_CaptureCallback	16	static
../Core/Src/Odo.c:119:10:GetFinalFreq	4	static
../Core/Src/Odo.c:124:6:SetFinalFreq	16	static
../Core/Src/Odo.c:129:9:GetFreqCapturedStatus	4	static
../Core/Src/Odo.c:134:6:SetFreqCapturedStatus	16	static
../Core/Src/Odo.c:139:6:vSetAnalougeOdoEnable	16	static
../Core/Src/Odo.c:144:6:vSetSpeedoPulses	16	static
../Core/Src/Odo.c:160:6:vSetOdoValue	16	static
../Core/Src/Odo.c:174:10:u32GetOdoValue	4	static
../Core/Src/Odo.c:188:6:vSetOdoFractionValue	16	static
../Core/Src/Odo.c:203:9:u8GetOdoFractionValue	4	static
../Core/Src/Odo.c:218:6:vSetOdoUpdateFlagStatus	16	static
../Core/Src/Odo.c:233:9:bGetOdoUpdateFlagStatus	4	static
../Core/Src/Odo.c:247:6:vSetOdoFractionUpdateStatus	16	static
../Core/Src/Odo.c:261:9:bGetOdoFractionUpdateStatus	4	static
../Core/Src/Odo.c:276:6:vSetOdoTripAValue	16	static
../Core/Src/Odo.c:290:10:u32GetOdoTripAValue	4	static
../Core/Src/Odo.c:304:6:vSetOdoTripAFractionValue	16	static
../Core/Src/Odo.c:318:9:u8GetOdoTripAFractionValue	4	static
../Core/Src/Odo.c:333:6:vSetOdoTripAUpdateStatus	16	static
../Core/Src/Odo.c:347:9:bGetOdoTripAUpdateStatus	4	static
../Core/Src/Odo.c:361:9:bGetOdoTripAFractionUpdateStatus	4	static
../Core/Src/Odo.c:375:6:vSetOdoTripAFractionUpdateStatus	16	static
../Core/Src/Odo.c:389:6:vSetOdoTripAPulseCounter	16	static
../Core/Src/Odo.c:404:6:vSetOdoTripBValue	16	static
../Core/Src/Odo.c:418:10:u32GetOdoTripBValue	4	static
../Core/Src/Odo.c:432:6:vSetOdoTripBFractionValue	16	static
../Core/Src/Odo.c:446:9:u8GetOdoTripBFractionValue	4	static
../Core/Src/Odo.c:460:6:vSetOdoTripBUpdateStatus	16	static
../Core/Src/Odo.c:474:9:bGetOdoTripBUpdateStatus	4	static
../Core/Src/Odo.c:488:9:bGetOdoTripBFractionUpdateStatus	4	static
../Core/Src/Odo.c:502:6:vSetOdoTripBFractionUpdateStatus	16	static
../Core/Src/Odo.c:516:6:vSetOdoTripBPulseCounter	16	static
../Core/Src/Odo.c:521:10:GetDisplayOdoFinalMergedValue	16	static
../Core/Src/Odo.c:526:10:GetDisplayTripAFinalMergedValue	16	static
../Core/Src/Odo.c:531:10:GetDisplayTripBFinalMergedValue	16	static
