../Core/Src/POPUPMessages.c:1186:6:vSetEMSFaultText	8	static
../Core/Src/POPUPMessages.c:1217:13:_vDm1EMSTextWarning74HpKoel	48	static
../Core/Src/POPUPMessages.c:1414:13:_vDm1EMSTextWarning74HpMandM	48	static
../Core/Src/POPUPMessages.c:1609:13:_vDm1EMSTextWarning74HpTata	48	static
../Core/Src/POPUPMessages.c:1805:6:PopUpMessageDisplayTFT	16	static
../Core/Src/POPUPMessages.c:1858:13:MultiplePopupDO_SERVICE_RGN	16	static
../Core/Src/POPUPMessages.c:1882:13:CheckCANPopUpMessage	32	static
../Core/Src/POPUPMessages.c:2070:10:getFaultNumber	4	static
../Core/Src/POPUPMessages.c:2082:6:SetTopLineMsgNumber	16	static
../Core/Src/POPUPMessages.c:2094:9:GetSetTopLineMsgNumber	4	static
../Core/Src/POPUPMessages.c:2100:17:GetPcodeSpnFmiChildScreen	8	static
../Core/Src/POPUPMessages.c:2117:11:GetFaultArrayIndexSpnFmiIndexNo	8	static
../Core/Src/POPUPMessages.c:2137:9:GetSinglePacketPcodeMatchingStatus	4	static
