../Core/Src/Screen.c:39:6:ScreensProcessed	8	static
../Core/Src/Screen.c:53:6:vSlectionTrip_A_B_Screen	8	static
../Core/Src/Screen.c:71:6:vSlectionHourOrOdo_Screen	8	static
../Core/Src/Screen.c:89:9:GetvShowHourOdoSelectOnTFT	4	static
../Core/Src/Screen.c:103:9:GetvShowTrip_A_B_DataOnTFT	4	static
../Core/Src/Screen.c:108:6:TripA_B_Reset	8	static
../Core/Src/Screen.c:136:6:vSlection_Menu_Screen	8	static
../Core/Src/Screen.c:175:6:vSlection_Brightness_Screen	8	static
../Core/Src/Screen.c:200:6:vSlection_PCodes_Screen	8	static
../Core/Src/Screen.c:217:9:GetScreenStatus	4	static
../Core/Src/Screen.c:222:9:GetArrowStatus	4	static
../Core/Src/Screen.c:227:9:GetBrightnessBarStatus	4	static
../Core/Src/Screen.c:232:6:SetBrightnessBarStatus	16	static
../Core/Src/Screen.c:237:9:GetTripAResetStatus	4	static
../Core/Src/Screen.c:242:9:GetTripBResetStatus	4	static
../Core/Src/Screen.c:247:9:GetBrightNessScreenExitStatus	4	static
../Core/Src/Screen.c:252:6:SetBrightNessScreenExitStatus	16	static
../Core/Src/Screen.c:257:9:GetCountSetButtonForPcode	4	static
../Core/Src/Screen.c:262:6:SetCountSetButtonForPcode	16	static
