../Core/Src/stm32u5xx_it.c:75:6:NMI_Handler	4	static
../Core/Src/stm32u5xx_it.c:97:6:HardFault_Handler	4	static
../Core/Src/stm32u5xx_it.c:112:6:MemManage_Handler	4	static
../Core/Src/stm32u5xx_it.c:127:6:BusFault_Handler	4	static
../Core/Src/stm32u5xx_it.c:142:6:UsageFault_Handler	4	static
../Core/Src/stm32u5xx_it.c:157:6:SVC_Handler	4	static
../Core/Src/stm32u5xx_it.c:170:6:DebugMon_Handler	4	static
../Core/Src/stm32u5xx_it.c:183:6:PendSV_Handler	4	static
../Core/Src/stm32u5xx_it.c:196:6:SysTick_Handler	8	static
../Core/Src/stm32u5xx_it.c:217:6:FDCAN1_IT0_IRQHandler	8	static
../Core/Src/stm32u5xx_it.c:231:6:FDCAN1_IT1_IRQHandler	8	static
../Core/Src/stm32u5xx_it.c:245:6:TIM4_IRQHandler	8	static
../Core/Src/stm32u5xx_it.c:259:6:TIM6_IRQHandler	8	static
../Core/Src/stm32u5xx_it.c:273:6:TIM7_IRQHandler	8	static
../Core/Src/stm32u5xx_it.c:287:6:SPI1_IRQHandler	8	static
../Core/Src/stm32u5xx_it.c:301:6:LTDC_IRQHandler	8	static
../Core/Src/stm32u5xx_it.c:315:6:LTDC_ER_IRQHandler	8	static
../Core/Src/stm32u5xx_it.c:327:9:GetNMI_HandllerStatus	4	static
