../Core/Src/TellTales.c:414:6:vControlTellTales	8	static
../Core/Src/TellTales.c:457:6:vAllLampsOff	16	static
../Core/Src/TellTales.c:479:6:vCheckLamps	8	static
../Core/Src/TellTales.c:497:13:EngineCoolTempWarningLamp	8	static
../Core/Src/TellTales.c:510:13:EngineOilPressureWarningLamp	8	static
../Core/Src/TellTales.c:523:13:CoolTempBuzzer	8	static
../Core/Src/TellTales.c:535:13:FuelWarningLedBuzzer	8	static
../Core/Src/TellTales.c:585:13:AirPressureWarningLedBuzzer	8	static
../Core/Src/TellTales.c:642:13:TransmissionOilTempWarningLedBuzzer	8	static
../Core/Src/TellTales.c:694:13:Left_TurnLamp	8	static
../Core/Src/TellTales.c:710:13:Park_LightLamp	8	static
../Core/Src/TellTales.c:722:13:Right_TurntLamp	8	static
../Core/Src/TellTales.c:736:13:TransmisionOilPressBarBuzzer	8	static
../Core/Src/TellTales.c:748:13:High_BeamtLamp	8	static
../Core/Src/TellTales.c:762:13:NeutralLamp	16	static
../Core/Src/TellTales.c:824:9:GetfinalNeutralStatus	4	static
../Core/Src/TellTales.c:829:13:Park_BrakeLamp	16	static
../Core/Src/TellTales.c:905:13:BATT_CHARGingLamp	8	static
../Core/Src/TellTales.c:918:13:SetFuelGaugeLedBars	16	static
../Core/Src/TellTales.c:972:13:SetCoolTempGaugeLedBars	16	static
../Core/Src/TellTales.c:1022:9:GetSCRTemperingLampStatusCAN	16	static
../Core/Src/TellTales.c:1069:13:GetPoorDEFQualityLampStatusCAN	16	static
../Core/Src/TellTales.c:1123:13:GetWaterInFuelLampStatusCAN	16	static
../Core/Src/TellTales.c:1161:13:GetGlowTimeIndicationLampStatusCAN	16	static
../Core/Src/TellTales.c:1203:9:GetLowAdBlueLevelLampStatusCAN	16	static
../Core/Src/TellTales.c:1251:9:GetDPFRegenInhibitLampStatusCAN	16	static
../Core/Src/TellTales.c:1284:13:GetHestLampStatusCAN	16	static
../Core/Src/TellTales.c:1337:13:GetDpfLampIndicationLampStatusCAN	16	static
../Core/Src/TellTales.c:1390:13:EngineStopLampStatusCAN	16	static
../Core/Src/TellTales.c:1429:13:_vReadPgn65226_0x00	8	static
../Core/Src/TellTales.c:1482:6:_vPCDLamp	16	static
../Core/Src/TellTales.c:1542:9:GetPCDLampStatus	4	static
../Core/Src/TellTales.c:1555:6:_vMilL	8	static
../Core/Src/TellTales.c:1613:9:GetMilLampStatus	4	static
../Core/Src/TellTales.c:1628:6:_vMilL2SysOkLamp	16	static
../Core/Src/TellTales.c:1685:9:GetLowFeuelStatus	4	static
../Core/Src/TellTales.c:1691:9:GetParkBrakeLampBuzzStatus	4	static
../Core/Src/TellTales.c:1704:13:_vCheckBuzzerStatus	4	static
../Core/Src/TellTales.c:1742:6:vBuzzerControl	16	static
../Core/Src/TellTales.c:1816:6:vClearAllLampsBuzzerFlag	4	static
../Core/Src/TellTales.c:1837:13:_vTicTocAlarm	16	static
../Core/Src/TellTales.c:1872:13:_vOnBuzzer_2_4kHz	8	static
../Core/Src/TellTales.c:1887:13:_vLifeCriticalAlarm	8	static
../Core/Src/TellTales.c:1916:13:_vTocAlarm	8	static
../Core/Src/TellTales.c:1930:13:_vTicAlarm	8	static
../Core/Src/TellTales.c:1942:13:_vOnBuzzer	8	static
../Core/Src/TellTales.c:1954:6:_vStopBuzzer	8	static
../Core/Src/TellTales.c:1970:6:vBuzzerEnable	4	static
../Core/Src/TellTales.c:1984:6:vBuzzerDisable	4	static
../Core/Src/TellTales.c:1998:6:vSetBuzzerSoundType	16	static
../Core/Src/TellTales.c:2004:9:GetTransOIlTempLedOnTFTStatus	4	static
