../Core/Src/TML_14229_UDS.c:220:6:AssignSwHrNo	4	static
../Core/Src/TML_14229_UDS.c:298:6:startDiagnosticsSession	16	static
../Core/Src/TML_14229_UDS.c:388:6:ECUResetService	16	static
../Core/Src/TML_14229_UDS.c:482:6:securityAccessService	16	static
../Core/Src/TML_14229_UDS.c:649:6:communicationControlService	16	static
../Core/Src/TML_14229_UDS.c:838:6:TesterPresentService	16	static
../Core/Src/TML_14229_UDS.c:875:6:ControlDTCSettingServiceSingle	16	static
../Core/Src/TML_14229_UDS.c:923:6:ControlDTCSettingServiceMultiple	16	static
../Core/Src/TML_14229_UDS.c:976:6:ClearDiagnosticsInformationService	16	static
../Core/Src/TML_14229_UDS.c:1034:6:ReadDiagnosticTroubleInformationService	16	static
../Core/Src/TML_14229_UDS.c:1095:6:RoutineService	16	static
../Core/Src/TML_14229_UDS.c:1324:6:LinkControlService	16	static
../Core/Src/TML_14229_UDS.c:1406:6:InputOutputControlByIdentifierServiceMul	16	static
../Core/Src/TML_14229_UDS.c:1479:6:InputOutputControlByIdentifierService	16	static
../Core/Src/TML_14229_UDS.c:1558:6:ReadDataByIdentifierServiceSingle	32	static
../Core/Src/TML_14229_UDS.c:1721:6:ReadDataByIdentifierServiceMultiple	16	static
../Core/Src/TML_14229_UDS.c:1803:6:WriteDataByIdentifierServiceSingle	24	static
../Core/Src/TML_14229_UDS.c:1978:13:getEncryptedData	16	static
../Core/Src/TML_14229_UDS.c:1998:13:formatMulBytesIntoFrames	16	static
../Core/Src/TML_14229_UDS.c:2082:6:sendDiagnosticsResponse	16	static
../Core/Src/TML_14229_UDS.c:2290:6:initDiagnosticsSession	8	static
../Core/Src/TML_14229_UDS.c:2305:6:resetDiagnosticSession	4	static
../Core/Src/TML_14229_UDS.c:2320:6:setStatusDefaultSession	4	static
../Core/Src/TML_14229_UDS.c:2335:6:sessionTimeout	8	static
../Core/Src/TML_14229_UDS.c:2360:6:securitySessionTimeOutInit	16	static
../Core/Src/TML_14229_UDS.c:2394:9:isItTimeToReset	16	static
../Core/Src/TML_14229_UDS.c:2419:6:diagnosticDataInit	8	static
../Core/Src/TML_14229_UDS.c:2428:10:u16GetRoutineControlServiceStatus	4	static
../Core/Src/TML_14229_UDS.c:2433:9:bIsECUResetByService	4	static
../Core/Src/TML_14229_UDS.c:2447:6:setConditionNotCorrect	16	static
../Core/Src/TML_14229_UDS.c:2461:9:getConditionNotCorrect	4	static
../Core/Src/TML_14229_UDS.c:2475:6:setCriticalFunctionStatus	16	static
../Core/Src/TML_14229_UDS.c:2489:9:getCriticalFunctionStatus	4	static
../Core/Src/TML_14229_UDS.c:2495:10:u16getSoftwareVersion	4	static
../Core/Src/TML_14229_UDS.c:2500:10:u16GetFotaSoftwareID	4	static
