../Middlewares/ST/touchgfx/framework/include/touchgfx/Drawable.hpp:515:10:void touchgfx::Drawable::setVisible(bool)	16	static
../Middlewares/ST/touchgfx/framework/include/touchgfx/Screen.hpp:104:18:virtual void touchgfx::Screen::afterTransition()	16	static
../Middlewares/ST/touchgfx/framework/include/touchgfx/Screen.hpp:115:18:virtual void touchgfx::Screen::tearDownScreen()	16	static
../Middlewares/ST/touchgfx/framework/include/touchgfx/Screen.hpp:154:18:virtual void touchgfx::Screen::handleKeyEvent(uint8_t)	16	static
../TouchGFX/gui/include/gui/screen_screen/screenView.hpp:13:13:screenView::~screenView()	16	static
../TouchGFX/gui/include/gui/screen_screen/screenView.hpp:13:13:virtual screenView::~screenView()	16	static
../TouchGFX/gui/src/screen_screen/screenView.cpp:99:1:screenView::screenView()	16	static
../TouchGFX/gui/src/screen_screen/screenView.cpp:104:6:virtual void screenView::setupScreen()	16	static
../TouchGFX/gui/src/screen_screen/screenView.cpp:128:6:virtual void screenView::tearDownScreen()	16	static
../TouchGFX/gui/src/screen_screen/screenView.cpp:135:6:virtual void screenView::handleTickEvent()	16	static
../TouchGFX/gui/src/screen_screen/screenView.cpp:168:6:void screenView::HomeScreenParameterProcessed()	16	static
../TouchGFX/gui/src/screen_screen/screenView.cpp:193:6:void screenView::SelectMenuScreen()	16	static
../TouchGFX/gui/src/screen_screen/screenView.cpp:204:6:void screenView::EngineCoolantLevelStatus()	24	static
../TouchGFX/gui/src/screen_screen/screenView.cpp:236:6:void screenView::AF_choke()	16	static
../TouchGFX/gui/src/screen_screen/screenView.cpp:250:6:void screenView::FourWheel_drive()	16	static
../TouchGFX/gui/src/screen_screen/screenView.cpp:264:6:void screenView::PCD_Lamp()	16	static
../TouchGFX/gui/src/screen_screen/screenView.cpp:291:6:void screenView::MIL_lamp()	24	static
../TouchGFX/gui/src/screen_screen/screenView.cpp:300:6:void screenView::DPF_lamp()	24	static
../TouchGFX/gui/src/screen_screen/screenView.cpp:310:6:void screenView::Slow_Vehicle()	16	static
../TouchGFX/gui/src/screen_screen/screenView.cpp:315:6:void screenView::SCRtempering()	24	static
../TouchGFX/gui/src/screen_screen/screenView.cpp:327:6:void screenView::FilterClogged()	16	static
../TouchGFX/gui/src/screen_screen/screenView.cpp:341:6:void screenView::scr_fluid()	16	static
../TouchGFX/gui/src/screen_screen/screenView.cpp:346:6:void screenView::engine_oil_pressure()	16	static
../TouchGFX/gui/src/screen_screen/screenView.cpp:368:6:void screenView::tell_tale()	16	static
../TouchGFX/gui/src/screen_screen/screenView.cpp:373:6:void screenView::Trans_Oil_Temp_bar()	24	static
../TouchGFX/gui/src/screen_screen/screenView.cpp:516:6:void screenView::Engine_Oil_Bar()	24	static
../TouchGFX/gui/src/screen_screen/screenView.cpp:865:6:void screenView::PcodeDTC_SPN_FMI_label()	24	static
../TouchGFX/gui/src/screen_screen/screenView.cpp:998:6:void screenView::PopUpMessageDisplay_label()	24	static
../TouchGFX/gui/src/screen_screen/screenView.cpp:1011:6:void screenView::incrementText_rpm()	24	static
../TouchGFX/gui/src/screen_screen/screenView.cpp:1024:6:void screenView::incrementText_odo()	16	static
../TouchGFX/gui/src/screen_screen/screenView.cpp:1031:6:void screenView::OdoSpeedoTextHourDisplay()	40	static
../TouchGFX/gui/src/screen_screen/screenView.cpp:1133:6:void screenView::incrementText_trip()	16	static
../TouchGFX/gui/src/screen_screen/screenView.cpp:1140:6:void screenView::incrementText_AP()	32	static
../TouchGFX/gui/src/screen_screen/screenView.cpp:1216:6:void screenView::incrementText_HourMeter()	16	static
../TouchGFX/gui/src/screen_screen/screenView.cpp:1222:6:void screenView::incrementText_speedo_value()	16	static
../TouchGFX/gui/src/screen_screen/screenView.cpp:1228:6:void screenView::incrementText_soot_load()	32	static
../TouchGFX/gui/src/screen_screen/screenView.cpp:1307:6:void screenView::ShowTransOilTemp()	24	static
../TouchGFX/gui/src/screen_screen/screenView.cpp:1316:6:void screenView::showBattvolt()	32	static
